--- validate_official_rebalances.py (exit 0) ---
Validated manual rebalance 2026-09-22: 57 holdings.
Official rebalance validation passed.

--- update_prices.py (exit 0) ---
Downloading history for 57 securities from 2026-08-12...
Expected completed market date: 2026-10-02

1 Failed download:
['RTX']: OperationalError('database is locked')
Missing closing prices (retry 1/3): RTX: 2026-10-02
RTX: recovered 1/1 closes
Using 36 cached historical price point(s) where the current Yahoo/yfinance download has gaps.

SUCCESS
Backfill start: 2026-08-12
Latest market date: 2026-10-02
Trading days saved: 37
Active rebalance: 2026-09-22
Divisor: 19.944229196099
Index level: 103.717797
Daily return: 1.4224%
Holdings: 57
