--- update_risk_v3.py (exit 0) ---
Fetching exact index forward P/E histories from History of Market...
Nasdaq-100 forward P/E: 1239 observations, 2001-04-27 to 2026-08-05
Saved local cache risk_source_nasdaq_forward_pe.csv: 1239 observations through 2026-08-05
S&P 500 forward P/E: 1495 observations, 1990-06-29 to 2026-08-05
Saved local cache risk_source_sp500_forward_pe.csv: 1495 observations through 2026-08-05
Fetching FRED DFII10 and DRSFRMACBS...
Saved local cache risk_source_dfii10.csv: 5945 observations through 2026-10-06
Local DFII10 history: 5945 observations, 2003-01-02 to 2026-10-06
Saved local cache risk_source_mortgage.csv: 142 observations through 2026-06-30
Fetching BIS US credit-to-GDP gap...
BIS credit-to-GDP gap: 274 observations through 2026-03-31
Saved local cache risk_source_credit_gap.csv: 274 observations through 2026-03-31
SUCCESS
Risk dashboard rows: 9
Risk history rows: 5985
Tech risk: 🔴极高风险
Overall valuation risk: 🔴极高风险

--- add_hy_oas.py (exit 0) ---
HY OAS loaded from JSON mirror: 784 observations
Saved risk_source_hy_oas.csv: 819 observations through 2026-10-05
SUCCESS
HY OAS current: 3.12%
HY OAS 3M ago: 2.74%
HY OAS 3M change: +38bp
HY OAS percentile: 91.6%
HY OAS rating: 🟢安全

--- add_ci_sloos.py (exit 0) ---
C&I SLOOS loaded from Federal Reserve Board: 146 observations
Saved risk_source_ci_sloos.csv: 146 observations through 2026-07-01
SUCCESS
C&I SLOOS current: 0.0%
C&I SLOOS percentile: 51.4%
C&I SLOOS rating: 🟢安全

--- run_allocation_card.py (exit 0) ---
Saved risk_source_sp500_price.csv: 9510 observations through 2026-10-06
SUCCESS
S&P 500 date: 2026-10-06
S&P 500 close: 7818.93; ATH: 7818.93; drawdown: 0.00%
Daily estimated Forward P/E: 20.37x
Cushion: 2.00%; V=0.200; D_eff=0.000; O=0.130
Crisis R=0.000; R_eff=0.000; E=0.000; Gate=0
Suggested S&P 500 allocation: 50.0%
Published V3.2-Alpha S&P 500 suggested allocation as summary card
V3.2-Alpha allocation: 100.0% (R_eff=0.000, E=0.000, Gate=0)

--- snapshot_risk_dashboard.py (exit 0) ---
Saved 11 dashboard rows for 2026-10-06; history now has 396 rows.
